[    0.000000] Initializing cgroup subsys cpuset
[    0.000000] Initializing cgroup subsys cpu
[    0.000000] Initializing cgroup subsys cpuacct
[    0.000000] Linux version 4.4.0-210-generic (buildd@lgw01-amd64-009) (gcc version 5.4.0 20160609 (Ubuntu 5.4.0-6ubuntu1~16.04.12) ) #242-Ubuntu SMP Fri Apr 16 09:57:56 UTC 2021 (Ubuntu 4.4.0-210.242-generic 4.4.262)
[    0.000000] Command line: BOOT_IMAGE=/boot/vmlinuz-4.4.0-210-generic root=LABEL=cloudimg-rootfs ro console=tty1 console=ttyS0
[    0.000000] KERNEL supported cpus:
[    0.000000]   Intel GenuineIntel
[    0.000000]   AMD AuthenticAMD
[    0.000000]   Centaur CentaurHauls
[    0.000000] x86/fpu: xstate_offset[2]:  576, xstate_sizes[2]:  256
[    0.000000] x86/fpu: Supporting XSAVE feature 0x01: 'x87 floating point registers'
[    0.000000] x86/fpu: Supporting XSAVE feature 0x02: 'SSE registers'
[    0.000000] x86/fpu: Supporting XSAVE feature 0x04: 'AVX registers'
[    0.000000] x86/fpu: Enabled xstate features 0x7, context size is 832 bytes, using 'standard' format.
[    0.000000] e820: BIOS-provided physical RAM map:
[    0.000000] BIOS-e820: [mem 0x0000000000000000-0x000000000009fbff] usable
[    0.000000] BIOS-e820: [mem 0x000000000009fc00-0x000000000009ffff] reserved
[    0.000000] BIOS-e820: [mem 0x00000000000f0000-0x00000000000fffff] reserved
[    0.000000] BIOS-e820: [mem 0x0000000000100000-0x000000003ffeffff] usable
[    0.000000] BIOS-e820: [mem 0x000000003fff0000-0x000000003fffffff] ACPI data
[    0.000000] BIOS-e820: [mem 0x00000000fec00000-0x00000000fec00fff] reserved
[    0.000000] BIOS-e820: [mem 0x00000000fee00000-0x00000000fee00fff] reserved
[    0.000000] BIOS-e820: [mem 0x00000000fffc0000-0x00000000ffffffff] reserved
[    0.000000] NX (Execute Disable) protection: active
[    0.000000] SMBIOS 2.5 present.
[    0.000000] Hypervisor detected: KVM
[    0.000000] Kernel/User page tables isolation: disabled
[    0.000000] e820: last_pfn = 0x3fff0 max_arch_pfn = 0x400000000
[    0.000000] MTRR: Disabled
[    0.000000] x86/PAT: MTRRs disabled, skipping PAT initialization too.
[    0.000000] CPU MTRRs all blank - virtualized system.
[    0.000000] x86/PAT: Configuration [0-7]: WB  WT  UC- UC  WB  WT  UC- UC  
[    0.000000] found SMP MP-table at [mem 0x0009fff0-0x0009ffff] mapped at [ffff88000009fff0]
[    0.000000] Scanning 1 areas for low memory corruption
[    0.000000] RAMDISK: [mem 0x362dc000-0x37165fff]
[    0.000000] ACPI: Early table checksum verification disabled
[    0.000000] ACPI: RSDP 0x00000000000E0000 000024 (v02 VBOX  )
[    0.000000] ACPI: XSDT 0x000000003FFF0030 00003C (v01 VBOX   VBOXXSDT 00000001 ASL  00000061)
[    0.000000] ACPI: FACP 0x000000003FFF00F0 0000F4 (v04 VBOX   VBOXFACP 00000001 ASL  00000061)
[    0.000000] ACPI: DSDT 0x000000003FFF0470 002325 (v02 VBOX   VBOXBIOS 00000002 INTL 20100528)
[    0.000000] ACPI: FACS 0x000000003FFF0200 000040
[    0.000000] ACPI: FACS 0x000000003FFF0200 000040
[    0.000000] ACPI: APIC 0x000000003FFF0240 00005C (v02 VBOX   VBOXAPIC 00000001 ASL  00000061)
[    0.000000] ACPI: SSDT 0x000000003FFF02A0 0001CC (v01 VBOX   VBOXCPUT 00000002 INTL 20100528)
[    0.000000] No NUMA configuration found
[    0.000000] Faking a node at [mem 0x0000000000000000-0x000000003ffeffff]
[    0.000000] NODE_DATA(0) allocated [mem 0x3ffeb000-0x3ffeffff]
[    0.000000] kvm-clock: Using msrs 4b564d01 and 4b564d00
[    0.000000] kvm-clock: cpu 0, msr 0:3ffe3001, primary cpu clock
[    0.000000] kvm-clock: using sched offset of 4361058450 cycles
[    0.000000] clocksource: kvm-clock: mask: 0xffffffffffffffff max_cycles: 0x1cd42e4dffb, max_idle_ns: 881590591483 ns
[    0.000000] Zone ranges:
[    0.000000]   DMA      [mem 0x0000000000001000-0x0000000000ffffff]
[    0.000000]   DMA32    [mem 0x0000000001000000-0x000000003ffeffff]
[    0.000000]   Normal   empty
[    0.000000]   Device   empty
[    0.000000] Movable zone start for each node
[    0.000000] Early memory node ranges
[    0.000000]   node   0: [mem 0x0000000000001000-0x000000000009efff]
[    0.000000]   node   0: [mem 0x0000000000100000-0x000000003ffeffff]
[    0.000000] Initmem setup node 0 [mem 0x0000000000001000-0x000000003ffeffff]
[    0.000000] ACPI: PM-Timer IO Port: 0x4008
[    0.000000] IOAPIC[0]: apic_id 2, version 32, address 0xfec00000, GSI 0-23
[    0.000000] ACPI: INT_SRC_OVR (bus 0 bus_irq 0 global_irq 2 dfl dfl)
[    0.000000] ACPI: INT_SRC_OVR (bus 0 bus_irq 9 global_irq 9 low level)
[    0.000000] Using ACPI (MADT) for SMP configuration information
[    0.000000] smpboot: Allowing 2 CPUs, 0 hotplug CPUs
[    0.000000] PM: Registered nosave memory: [mem 0x00000000-0x00000fff]
[    0.000000] PM: Registered nosave memory: [mem 0x0009f000-0x0009ffff]
[    0.000000] PM: Registered nosave memory: [mem 0x000a0000-0x000effff]
[    0.000000] PM: Registered nosave memory: [mem 0x000f0000-0x000fffff]
[    0.000000] e820: [mem 0x40000000-0xfebfffff] available for PCI devices
[    0.000000] Booting paravirtualized kernel on KVM
[    0.000000] clocksource: refined-jiffies: mask: 0xffffffff max_cycles: 0xffffffff, max_idle_ns: 7645519600211568 ns
[    0.000000] setup_percpu: NR_CPUS:512 nr_cpumask_bits:512 nr_cpu_ids:2 nr_node_ids:1
[    0.000000] PERCPU: Embedded 33 pages/cpu @ffff88003fc00000 s95192 r8192 d31784 u1048576
[    0.000000] Built 1 zonelists in Node order, mobility grouping on.  Total pages: 257912
[    0.000000] Policy zone: DMA32
[    0.000000] Kernel command line: BOOT_IMAGE=/boot/vmlinuz-4.4.0-210-generic root=LABEL=cloudimg-rootfs ro console=tty1 console=ttyS0
[    0.000000] PID hash table entries: 4096 (order: 3, 32768 bytes)
[    0.000000] Memory: 997792K/1048120K available (8644K kernel code, 1332K rwdata, 4044K rodata, 1492K init, 1164K bss, 50328K reserved, 0K cma-reserved)
[    0.000000] SLUB: HWalign=64, Order=0-3, MinObjects=0, CPUs=2, Nodes=1
[    0.000000] Hierarchical RCU implementation.
[    0.000000] 	Build-time adjustment of leaf fanout to 64.
[    0.000000] 	RCU restricting CPUs from NR_CPUS=512 to nr_cpu_ids=2.
[    0.000000] RCU: Adjusting geometry for rcu_fanout_leaf=64, nr_cpu_ids=2
[    0.000000] NR_IRQS:33024 nr_irqs:440 16
[    0.000000] Console: colour VGA+ 80x25
[    0.000000] console [tty1] enabled
[    0.000000] console [ttyS0] enabled
[    0.000000] tsc: Detected 2803.196 MHz processor
[    0.333889] Calibrating delay loop (skipped) preset value.. 5606.39 BogoMIPS (lpj=11212784)
[    0.337075] pid_max: default: 32768 minimum: 301
[    0.339512] ACPI: Core revision 20150930
[    0.344388] ACPI: 2 ACPI AML tables successfully acquired and loaded
[    0.348618] Security Framework initialized
[    0.351043] Yama: becoming mindful.
[    0.353150] AppArmor: AppArmor initialized
[    0.355856] Dentry cache hash table entries: 131072 (order: 8, 1048576 bytes)
[    0.359630] Inode-cache hash table entries: 65536 (order: 7, 524288 bytes)
[    0.372387] Mount-cache hash table entries: 2048 (order: 2, 16384 bytes)
[    0.375595] Mountpoint-cache hash table entries: 2048 (order: 2, 16384 bytes)
[    0.379568] Initializing cgroup subsys io
[    0.381952] Initializing cgroup subsys memory
[    0.386804] Initializing cgroup subsys devices
[    0.389893] Initializing cgroup subsys freezer
[    0.392351] Initializing cgroup subsys net_cls
[    0.394906] Initializing cgroup subsys perf_event
[    0.397512] Initializing cgroup subsys net_prio
[    0.399806] Initializing cgroup subsys hugetlb
[    0.402573] Initializing cgroup subsys pids
[    0.410011] mce: CPU supports 0 MCE banks
[    0.412173] Last level iTLB entries: 4KB 0, 2MB 0, 4MB 0
[    0.415418] Last level dTLB entries: 4KB 0, 2MB 0, 4MB 0, 1GB 0
[    0.418448] Spectre V1 : Mitigation: usercopy/swapgs barriers and __user pointer sanitization
[    0.423197] Spectre V2 : Mitigation: Full generic retpoline
[    0.426325] Spectre V2 : Spectre v2 / SpectreRSB mitigation: Filling RSB on context switch
[    0.430756] Speculative Store Bypass: Vulnerable
[    0.442676] Freeing SMP alternatives memory: 36K
[    0.462290] ftrace: allocating 32380 entries in 127 pages
[    0.659599] smpboot: APIC(0) Converting physical 0 to logical package 0
[    0.664408] smpboot: Max logical packages: 1
[    0.669026] x2apic enabled
[    0.671640] Switched APIC routing to physical x2apic.
[    0.677343] ..TIMER: vector=0x30 apic1=0 pin1=2 apic2=-1 pin2=-1
[    0.788514] smpboot: CPU0: 11th Gen Intel(R) Core(TM) i7-1165G7 @ 2.80GHz (family: 0x6, model: 0x8c, stepping: 0x1)
[    0.797070] Performance Events: unsupported p6 CPU model 140 no PMU driver, software events only.
[    0.834111] KVM setup paravirtual spinlock
[    0.840015] x86: Booting SMP configuration:
[    0.843083] .... node  #0, CPUs:      #1
[    0.846052] kvm-clock: cpu 1, msr 0:3ffe3041, secondary cpu clock
[    0.853405] mce: CPU supports 0 MCE banks
[    0.857927] x86: Booted up 1 node, 2 CPUs
[    0.862111] smpboot: Total of 2 processors activated (11212.78 BogoMIPS)
[    0.867556] devtmpfs: initialized
[    0.870773] evm: security.selinux
[    0.873965] evm: security.SMACK64
[    0.877282] evm: security.SMACK64EXEC
[    0.879707] evm: security.SMACK64TRANSMUTE
[    0.882146] evm: security.SMACK64MMAP
[    0.884288] evm: security.ima
[    0.886254] evm: security.capability
[    0.888814] clocksource: jiffies: mask: 0xffffffff max_cycles: 0xffffffff, max_idle_ns: 7645041785100000 ns
[    0.892647] futex hash table entries: 512 (order: 3, 32768 bytes)
[    0.896038] pinctrl core: initialized pinctrl subsystem
[    0.899038] RTC time: 18:41:58, date: 02/28/22
[    0.911169] NET: Registered protocol family 16
[    0.925991] cpuidle: using governor ladder
[    0.937707] cpuidle: using governor menu
[    0.940756] PCCT header not found.
[    0.942971] ACPI: bus type PCI registered
[    0.944760] acpiphp: ACPI Hot Plug PCI Controller Driver version: 0.5
[    0.948171] PCI: Using configuration type 1 for base access
[    0.971338] ACPI: Added _OSI(Module Device)
[    0.973881] ACPI: Added _OSI(Processor Device)
[    0.976127] ACPI: Added _OSI(3.0 _SCP Extensions)
[    0.979113] ACPI: Added _OSI(Processor Aggregator Device)
[    0.983377] ACPI: Executed 1 blocks of module-level executable AML code
[    0.993872] ACPI: Interpreter enabled
[    0.996167] ACPI: (supports S0 S5)
[    0.998215] ACPI: Using IOAPIC for interrupt routing
[    1.000799] PCI: Using host bridge windows from ACPI; if necessary, use "pci=nocrs" and report a bug
[    1.012211] ACPI: PCI Root Bridge [PCI0] (domain 0000 [bus 00-ff])
[    1.014654] acpi PNP0A03:00: _OSC: OS supports [ASPM ClockPM Segments MSI]
[    1.023013] acpi PNP0A03:00: _OSC: not requesting OS control; OS requires [ExtendedConfig ASPM ClockPM MSI]
[    1.027843] acpi PNP0A03:00: fail to add MMCONFIG information, can't access extended PCI configuration space under this bridge.
[    1.032831] PCI host bridge to bus 0000:00
[    1.034656] pci_bus 0000:00: root bus resource [io  0x0000-0x0cf7 window]
[    1.038718] pci_bus 0000:00: root bus resource [io  0x0d00-0xffff window]
[    1.043729] pci_bus 0000:00: root bus resource [mem 0x000a0000-0x000bffff window]
[    1.049249] pci_bus 0000:00: root bus resource [mem 0x40000000-0xfdffffff window]
[    1.054494] pci_bus 0000:00: root bus resource [bus 00-ff]
[    1.063976] pci 0000:00:01.1: legacy IDE quirk: reg 0x10: [io  0x01f0-0x01f7]
[    1.067365] pci 0000:00:01.1: legacy IDE quirk: reg 0x14: [io  0x03f6]
[    1.069701] pci 0000:00:01.1: legacy IDE quirk: reg 0x18: [io  0x0170-0x0177]
[    1.075643] pci 0000:00:01.1: legacy IDE quirk: reg 0x1c: [io  0x0376]
[    1.107931] pci 0000:00:07.0: quirk: [io  0x4000-0x403f] claimed by PIIX4 ACPI
[    1.150357] pci 0000:00:07.0: quirk: [io  0x4100-0x410f] claimed by PIIX4 SMB
[    1.168418] ACPI: PCI Interrupt Link [LNKA] (IRQs 5 9 10 *11)
[    1.174902] ACPI: PCI Interrupt Link [LNKB] (IRQs 5 9 *10 11)
[    1.180824] ACPI: PCI Interrupt Link [LNKC] (IRQs 5 *9 10 11)
[    1.186777] ACPI: PCI Interrupt Link [LNKD] (IRQs 5 9 10 *11)
[    1.190529] ACPI: Enabled 2 GPEs in block 00 to 07
[    1.195255] vgaarb: setting as boot device: PCI:0000:00:02.0
[    1.199368] vgaarb: device added: PCI:0000:00:02.0,decodes=io+mem,owns=io+mem,locks=none
[    1.205197] vgaarb: loaded
[    1.206867] vgaarb: bridge control possible 0000:00:02.0
[    1.212081] SCSI subsystem initialized
[    1.214604] ACPI: bus type USB registered
[    1.215720] usbcore: registered new interface driver usbfs
[    1.219385] usbcore: registered new interface driver hub
[    1.223288] usbcore: registered new device driver usb
[    1.227885] PCI: Using ACPI for IRQ routing
[    1.231993] NetLabel: Initializing
[    1.233467] NetLabel:  domain hash size = 128
[    1.235107] NetLabel:  protocols = UNLABELED CIPSOv4
[    1.237379] NetLabel:  unlabeled traffic allowed by default
[    1.240350] amd_nb: Cannot enumerate AMD northbridges
[    1.243266] clocksource: Switched to clocksource kvm-clock
[    1.286454] AppArmor: AppArmor Filesystem Enabled
[    1.292503] pnp: PnP ACPI init
[    1.297130] pnp: PnP ACPI: found 3 devices
[    1.318195] clocksource: acpi_pm: mask: 0xffffff max_cycles: 0xffffff, max_idle_ns: 2085701024 ns
[    1.323334] NET: Registered protocol family 2
[    1.326029] TCP established hash table entries: 8192 (order: 4, 65536 bytes)
[    1.329346] TCP bind hash table entries: 8192 (order: 5, 131072 bytes)
[    1.334434] TCP: Hash tables configured (established 8192 bind 8192)
[    1.339914] UDP hash table entries: 512 (order: 2, 16384 bytes)
[    1.344239] UDP-Lite hash table entries: 512 (order: 2, 16384 bytes)
[    1.348788] NET: Registered protocol family 1
[    1.350775] pci 0000:00:00.0: Limiting direct PCI/PCI transfers
[    1.354470] pci 0000:00:01.0: Activating ISA DMA hang workarounds
[    1.370884] Unpacking initramfs...
[    2.114712] Freeing initrd memory: 14888K
[    2.116559] clocksource: tsc: mask: 0xffffffffffffffff max_cycles: 0x28680c0c25b, max_idle_ns: 440795263258 ns
[    2.122416] platform rtc_cmos: registered platform RTC device (no PNP device found)
[    2.126054] Scanning for low memory corruption every 60 seconds
[    2.128079] audit: initializing netlink subsys (disabled)
[    2.131007] audit: type=2000 audit(1646073725.074:1): initialized
[    2.135220] Initialise system trusted keyring
[    2.138231] HugeTLB registered 2 MB page size, pre-allocated 0 pages
[    2.143439] zbud: loaded
[    2.146180] VFS: Disk quotas dquot_6.6.0
[    2.147412] VFS: Dquot-cache hash table entries: 512 (order 0, 4096 bytes)
[    2.150503] squashfs: version 4.0 (2009/01/31) Phillip Lougher
[    2.162389] fuse init (API version 7.23)
[    2.166671] Key type big_key registered
[    2.169099] Allocating IMA MOK and blacklist keyrings.
[    2.174299] Key type asymmetric registered
[    2.176343] Asymmetric key parser 'x509' registered
[    2.178224] Block layer SCSI generic (bsg) driver version 0.4 loaded (major 249)
[    2.181713] io scheduler noop registered
[    2.182786] io scheduler deadline registered (default)
[    2.185222] io scheduler cfq registered
[    2.187710] pci_hotplug: PCI Hot Plug PCI Core version: 0.5
[    2.190357] pciehp: PCI Express Hot Plug Controller Driver version: 0.4
[    2.192701] ACPI: AC Adapter [AC] (off-line)
[    2.194889] input: Power Button as /devices/LNXSYSTM:00/LNXPWRBN:00/input/input0
[    2.199994] ACPI: Power Button [PWRF]
[    2.201563] input: Sleep Button as /devices/LNXSYSTM:00/LNXSLPBN:00/input/input1
[    2.204298] ACPI: Sleep Button [SLPF]
[    2.206054] GHES: HEST is not enabled!
[    2.208428] ACPI: Battery Slot [BAT0] (battery present)
[    2.208585] Serial: 8250/16550 driver, 32 ports, IRQ sharing enabled
[    2.231896] 00:02: ttyS0 at I/O 0x3f8 (irq = 4, base_baud = 115200) is a 16550A
[    2.236831] Linux agpgart interface v0.103
[    2.245058] loop: module loaded
[    2.247439] scsi host0: ata_piix
[    2.249470] scsi host1: ata_piix
[    2.252611] ata1: PATA max UDMA/33 cmd 0x1f0 ctl 0x3f6 bmdma 0xd000 irq 14
[    2.256219] ata2: PATA max UDMA/33 cmd 0x170 ctl 0x376 bmdma 0xd008 irq 15
[    2.258650] libphy: Fixed MDIO Bus: probed
[    2.260730] tun: Universal TUN/TAP device driver, 1.6
[    2.262880] tun: (C) 1999-2004 Max Krasnyansky <maxk@qualcomm.com>
[    2.264929] PPP generic driver version 2.4.2
[    2.267414] ehci_hcd: USB 2.0 'Enhanced' Host Controller (EHCI) Driver
[    2.269072] ehci-pci: EHCI PCI platform driver
[    2.270871] ehci-platform: EHCI generic platform driver
[    2.272735] ohci_hcd: USB 1.1 'Open' Host Controller (OHCI) Driver
[    2.275818] ohci-pci: OHCI PCI platform driver
[    2.277647] ohci-platform: OHCI generic platform driver
[    2.278939] uhci_hcd: USB Universal Host Controller Interface driver
[    2.280542] i8042: PNP: PS/2 Controller [PNP0303:PS2K,PNP0f03:PS2M] at 0x60,0x64 irq 1,12
[    2.285755] serio: i8042 KBD port at 0x60,0x64 irq 1
[    2.286854] serio: i8042 AUX port at 0x60,0x64 irq 12
[    2.288831] mousedev: PS/2 mouse device common for all mice
[    2.291544] input: AT Translated Set 2 keyboard as /devices/platform/i8042/serio0/input/input2
[    2.296438] rtc_cmos rtc_cmos: rtc core: registered rtc_cmos as rtc0
[    2.299332] rtc_cmos rtc_cmos: alarms up to one day, 114 bytes nvram
[    2.301288] i2c /dev entries driver
[    2.303519] device-mapper: uevent: version 1.0.3
[    2.304624] device-mapper: ioctl: 4.34.0-ioctl (2015-10-28) initialised: dm-devel@redhat.com
[    2.308172] ledtrig-cpu: registered to indicate activity on CPUs
[    2.310975] NET: Registered protocol family 10
[    2.320985] NET: Registered protocol family 17
[    2.324061] Key type dns_resolver registered
[    2.327705] registered taskstats version 1
[    2.329428] Loading compiled-in X.509 certificates
[    2.332714] Loaded X.509 cert 'Build time autogenerated kernel key: cf00e047681d67edb2720680708b7d9498083038'
[    2.337490] zswap: loaded using pool lzo/zbud
[    2.344485] Key type trusted registered
[    2.353523] Key type encrypted registered
[    2.356288] AppArmor: AppArmor sha1 policy hashing enabled
[    2.358783] ima: No TPM chip found, activating TPM-bypass!
[    2.361886] ima: Allocated hash algorithm: sha1
[    2.364458] evm: HMAC attrs: 0x1
[    2.367176]   Magic number: 10:123:697
[    2.368756] rtc_cmos rtc_cmos: setting system clock to 2022-02-28 18:41:59 UTC (1646073719)
[    2.372824] BIOS EDD facility v0.16 2004-Jun-25, 0 devices found
[    2.375890] EDD information not available.
[    2.445139] Freeing unused kernel memory: 1492K
[    2.448240] Write protecting the kernel read-only data: 14336k
[    2.453605] Freeing unused kernel memory: 1584K
[    2.457621] Freeing unused kernel memory: 52K
Loading, please wait...
starting version 229
[    2.486334] random: systemd-udevd: uninitialized urandom read (16 bytes read, 5 bits of entropy available)
[    2.486996] random: udevadm: uninitialized urandom read (16 bytes read, 5 bits of entropy available)
[    2.487043] random: udevadm: uninitialized urandom read (16 bytes read, 5 bits of entropy available)
[    2.500253] random: systemd-udevd: uninitialized urandom read (16 bytes read, 5 bits of entropy available)
[    2.508309] random: systemd-udevd: uninitialized urandom read (16 bytes read, 5 bits of entropy available)
[    2.512489] random: udevadm: uninitialized urandom read (16 bytes read, 5 bits of entropy available)
[    2.512559] random: udevadm: uninitialized urandom read (16 bytes read, 5 bits of entropy available)
[    2.512765] random: udevadm: uninitialized urandom read (16 bytes read, 5 bits of entropy available)
[    2.512856] random: udevadm: uninitialized urandom read (16 bytes read, 5 bits of entropy available)
[    2.512936] random: udevadm: uninitialized urandom read (16 bytes read, 5 bits of entropy available)
[    2.613142] Fusion MPT base driver 3.04.20
[    2.613151] e1000: Intel(R) PRO/1000 Network Driver - version 7.3.21-k8-NAPI
[    2.613152] e1000: Copyright (c) 1999-2006 Intel Corporation.
[    2.620409] Copyright (c) 1999-2008 LSI Corporation
[    2.635636] Fusion MPT SPI Host driver 3.04.20
[    2.704066] AVX2 version of gcm_enc/dec engaged.
[    2.708905] AES CTR mode by8 optimization enabled
[    2.865430] input: ImExPS/2 Generic Explorer Mouse as /devices/platform/i8042/serio1/input/input4
[    3.152057] e1000 0000:00:03.0 eth0: (PCI:33MHz:32-bit) 02:be:82:6b:cc:1d
[    3.154805] e1000 0000:00:03.0 eth0: Intel(R) PRO/1000 Network Connection
[    3.162502] e1000 0000:00:03.0 enp0s3: renamed from eth0
[    3.164173] mptbase: ioc0: Initiating bringup
[    3.232219] ioc0: LSI53C1030 A0: Capabilities={Initiator}
[    3.403687] scsi host2: ioc0: LSI53C1030 A0, FwRev=00000000h, Ports=1, MaxQ=256, IRQ=20
[    3.520989] scsi 2:0:0:0: Direct-Access     VBOX     HARDDISK         1.0  PQ: 0 ANSI: 5
[    3.527937] scsi target2:0:0: Beginning Domain Validation
[    3.532928] scsi target2:0:0: Domain Validation skipping write tests
[    3.537707] scsi target2:0:0: Ending Domain Validation
[    3.540702] scsi target2:0:0: asynchronous
[    3.544487] scsi 2:0:1:0: Direct-Access     VBOX     HARDDISK         1.0  PQ: 0 ANSI: 5
[    3.548449] scsi target2:0:1: Beginning Domain Validation
[    3.551802] scsi target2:0:1: Domain Validation skipping write tests
[    3.554347] scsi target2:0:1: Ending Domain Validation
[    3.557904] scsi target2:0:1: asynchronous
[    3.569485] sd 2:0:0:0: [sda] 83886080 512-byte logical blocks: (42.9 GB/40.0 GiB)
[    3.569799] sd 2:0:0:0: Attached scsi generic sg0 type 0
[    3.604788] sd 2:0:0:0: [sda] Write Protect is off
[    3.606165] sd 2:0:1:0: [sdb] 20480 512-byte logical blocks: (10.5 MB/10.0 MiB)
[    3.606657] sd 2:0:1:0: [sdb] Write Protect is off
[    3.606925] sd 2:0:1:0: [sdb] Incomplete mode parameter data
[    3.606930] sd 2:0:1:0: [sdb] Assuming drive cache: write through
[    3.611920] sd 2:0:1:0: Attached scsi generic sg1 type 0
[    3.622673] sd 2:0:0:0: [sda] Incomplete mode parameter data
[    3.623833] sd 2:0:1:0: [sdb] Attached SCSI disk
[    3.628494] sd 2:0:0:0: [sda] Assuming drive cache: write through
[    3.633617]  sda: sda1
[    3.636424] sd 2:0:0:0: [sda] Attached SCSI disk
Begin: Loading essential drivers ... [    5.414191] md: linear personality registered for level -1
[    5.421751] md: multipath personality registered for level -4
[    5.429682] md: raid0 personality registered for level 0
[    5.442699] md: raid1 personality registered for level 1
[    5.523412] raid6: sse2x1   gen()  3509 MB/s
[    5.591880] raid6: sse2x1   xor()  2653 MB/s
[    5.659390] raid6: sse2x2   gen()  5024 MB/s
[    5.727306] raid6: sse2x2   xor()  3413 MB/s
[    5.795372] raid6: sse2x4   gen()  5317 MB/s
[    5.863392] raid6: sse2x4   xor()  3823 MB/s
[    5.931421] raid6: avx2x1   gen()  9326 MB/s
[    5.999360] raid6: avx2x2   gen()  9505 MB/s
[    6.067401] raid6: avx2x4   gen()  9450 MB/s
[    6.068952] raid6: using algorithm avx2x2 gen() 9505 MB/s
[    6.070669] raid6: using avx2x2 recovery algorithm
[    6.078287] xor: automatically using best checksumming function:
[    6.119346]    avx       :  7835.000 MB/sec
[    6.124534] async_tx: api initialized (async)
[    6.150808] md: raid6 personality registered for level 6
[    6.153402] md: raid5 personality registered for level 5
[    6.157167] md: raid4 personality registered for level 4
[    6.174700] md: raid10 personality registered for level 10
done.
Begin: Running /scripts/init-premount ... done.
Begin: Mounting root file system ... Begin: Running /scripts/local-top ... done.
Begin: Running /scripts/local-premount ... [    6.246955] Btrfs loaded
Scanning for Btrfs filesystems
done.
Warning: fsck not present, so skipping root file system
[    6.310108] EXT4-fs (sda1): mounted filesystem with ordered data mode. Opts: (null)
done.
Begin: Running /scripts/local-bottom ... done.
Begin: Running /scripts/init-bottom ... done.
[    6.462114] systemd[1]: systemd 229 running in system mode. (+PAM +AUDIT +SELINUX +IMA +APPARMOR +SMACK +SYSVINIT +UTMP +LIBCRYPTSETUP +GCRYPT +GNUTLS +ACL +XZ -LZ4 +SECCOMP +BLKID +ELFUTILS +KMOD -IDN)
[    6.470110] systemd[1]: Detected virtualization oracle.
[    6.473327] systemd[1]: Detected architecture x86-64.

Welcome to [1mUbuntu 16.04.7 LTS[0m!

[    6.480026] systemd[1]: Set hostname to <ubuntu>.
[    6.485633] systemd[1]: Initializing machine ID from random generator.
[    6.489245] systemd[1]: Installed transient /etc/machine-id file.
[    6.703518] systemd[1]: Reached target Swap.
[[0;32m  OK  [0m] Reached target Swap.
[    6.707385] systemd[1]: Reached target Encrypted Volumes.
[[0;32m  OK  [0m] Reached target Encrypted Volumes.
[    6.710809] systemd[1]: Created slice System Slice.
[[0;32m  OK  [0m] Created slice System Slice.
[    6.716442] systemd[1]: Started Forward Password Requests to Wall Directory Watch.
[[0;32m  OK  [0m] Started Forward Password Requests to Wall Directory Watch.
[    6.723823] systemd[1]: Listening on fsck to fsckd communication Socket.
[[0;32m  OK  [0m] Listening on fsck to fsckd communication Socket.
[    6.728579] systemd[1]: Reached target System Time Synchronized.
[[0;32m  OK  [0m] Reached target System Time Synchronized.
[    6.740673] systemd[1]: Created slice User and Session Slice.
[[0;32m  OK  [0m] Created slice User and Session Slice.
[    6.744998] systemd[1]: Reached target User and Group Name Lookups.
[[0;32m  OK  [0m] Reached target User and Group Name Lookups.
[    6.749745] systemd[1]: Listening on Journal Socket (/dev/log).
[[0;32m  OK  [0m] Listening on Journal Socket (/dev/log).
[    6.759804] systemd[1]: Listening on udev Control Socket.
[[0;32m  OK  [0m] Listening on udev Control Socket.
[    6.773305] systemd[1]: Created slice system-serial\x2dgetty.slice.
[[0;32m  OK  [0m] Created slice system-serial\x2dgetty.slice.
[    6.784278] systemd[1]: Reached target Slices.
[[0;32m  OK  [0m] Reached target Slices.
[    6.787392] systemd[1]: Started Trigger resolvconf update for networkd DNS.
[[0;32m  OK  [0m] Started Trigger resolvconf update for networkd DNS.
[    6.799736] systemd[1]: Listening on Device-mapper event daemon FIFOs.
[[0;32m  OK  [0m] Listening on Device-mapper event daemon FIFOs.
[    6.803769] systemd[1]: Set up automount Arbitrary Executable File Formats File System Automount Point.
[[0;32m  OK  [0m] Set up automount Arbitrary Executab...ats File System Automount Point.
[    6.811756] systemd[1]: Listening on Journal Socket.
[[0;32m  OK  [0m] Listening on Journal Socket.
[    6.831968] systemd[1]: Mounting Huge Pages File System...
         Mounting Huge Pages File System...
[    6.851075] systemd[1]: Starting Load Kernel Modules...
         Starting Load Kernel Modules...
[    6.858949] systemd[1]: Mounting POSIX Message Queue File System...
         Mounting POSIX Message Queue File System...
[    6.867543] systemd[1]: Starting Uncomplicated firewall...
         Starting Uncomplicated firewall...
[    6.872905] systemd[1]: Mounting Debug File System...
         Mounting Debug File System...
[    6.878117] Loading iSCSI transport class v2.0-870.
[    6.878583] systemd[1]: Starting Nameserver information manager...
         Starting Nameserver information manager...
[    6.887745] systemd[1]: Starting File System Check on Root Device...
         Starting File System Check on Root Device...
[    6.908951] iscsi: registered transport (tcp)
[    6.909610] systemd[1]: Starting Create list of required static device nodes for the current kernel...
         Starting Create list of required st... nodes for the current kernel...
[    6.920546] systemd[1]: Listening on udev Kernel Socket.
[[0;32m  OK  [0m] Listening on udev Kernel Socket.
[    6.925118] systemd[1]: Listening on Journal Audit Socket.
[[0;32m  OK  [0m] Listening on Journal Audit Socket.
[    6.927640] systemd[1]: Listening on LVM2 poll daemon socket.
[[0;32m  OK  [0m] Listening on LVM2 poll daemon socket.
[    6.930993] systemd[1]: Listening on /dev/initctl Compatibility Named Pipe.
[[0;32m  OK  [0m] Listening on /dev/initctl Compatibility Named Pipe.
[    6.938834] systemd[1]: Listening on Syslog Socket.
[[0;32m  OK  [0m] Listening on Syslog Socket.
[    6.955714] systemd[1]: Starting Journal Service...
         Starting Journal Service...
[    6.962638] systemd[1]: Starting Set console keymap...
         Starting Set console keymap...
[    6.980369] systemd[1]: Listening on LVM2 metadata daemon socket.
[[0;32m  OK  [0m] Listening on LVM2 metadata daemon socket.
[    6.993621] systemd[1]: Starting Monitoring of LVM2 mirrors, snapshots etc. using dmeventd or progress polling...
         Starting Monitoring of LVM2 mirrors... dmeventd or progress polling...
[    7.006053] systemd[1]: Mounted Huge Pages File System.
[[0;32m  OK  [0m] Mounted Huge Pages File System.
[    7.023943] systemd[1]: Mounted POSIX Message Queue File System.
[[0;32m  OK  [0m] Mounted POSIX Message Queue File System.
[    7.029070] systemd[1]: Mounted Debug File System.
[    7.031820] random: nonblocking pool is initialized
[[0;32m  OK  [0m] Mounted Debug File System.
[    7.037265] systemd[1]: Started Journal Service.
[[0;32m  OK  [0m] Started Journal Service.
[    7.048337] iscsi: registered transport (iser)
[[0;32m  OK  [0m] Started Uncomplicated firewall.
[[0;32m  OK  [0m] Started Load Kernel Modules.
[[0;32m  OK  [0m] Started File System Check on Root Device.
[[0;32m  OK  [0m] Started Create list of required sta...ce nodes for the current kernel.
[[0;32m  OK  [0m] Started Set console keymap.
[[0;32m  OK  [0m] Started Nameserver information manager.
[[0;32m  OK  [0m] Started LVM2 metadata daemon.
[[0;32m  OK  [0m] Started File System Check Daemon to report status.
         Starting Create Static Device Nodes in /dev...
         Starting Remount Root and Kernel File Systems...
         Mounting FUSE Control File System...
         Starting Apply Kernel Variables...
[    7.158908] EXT4-fs (sda1): re-mounted. Opts: (null)
[[0;32m  OK  [0m] Mounted FUSE Control File System.
[[0;32m  OK  [0m] Started Remount Root and Kernel File Systems.
[[0;32m  OK  [0m] Started Apply Kernel Variables.
         Starting Load/Save Random Seed...
         Starting udev Coldplug all Devices...
         Starting Flush Journal to Persistent Storage...
[[0;32m  OK  [0m] Started Create Static Device Nodes in /dev.
[[0;32m  OK  [0m] Started Load/Save Random Seed.
         Starting udev Kernel Device Manager...
[[0;32m  OK  [0m] Started Monitoring of LVM2 mirrors,...ng dmeventd or progress polling.
[[0;32m  OK  [0m] Started Flush Journal to Persistent Storage.
[[0;32m  OK  [0m] Reached target Local File Systems (Pre).
[[0;32m  OK  [0m] Reached target Local File Systems.
         Starting Tell Plymouth To Write Out Runtime Data...
         Starting Initial cloud-init job (pre-networking)...
         Starting LSB: AppArmor initialization...
         Starting Set console font and keymap...
         Starting Commit a transient machine-id on disk...
         Starting Create Volatile Files and Directories...
[[0;32m  OK  [0m] Started Tell Plymouth To Write Out Runtime Data.
[[0;32m  OK  [0m] Started udev Kernel Device Manager.
[[0;32m  OK  [0m] Started Commit a transient machine-id on disk.
[[0;32m  OK  [0m] Started Create Volatile Files and Directories.
         Starting Update UTMP about System Boot/Shutdown...
[[0;32m  OK  [0m] Started Update UTMP about System Boot/Shutdown.
[[0;32m  OK  [0m] Started udev Coldplug all Devices.
[[0;32m  OK  [0m] Started Dispatch Password Requests to Console Directory Watch.
[[0;32m  OK  [0m] Found device /dev/ttyS0.
[[0;32m  OK  [0m] Listening on Load/Save RF Kill Switch Status /dev/rfkill Watch.
[   10.062643] cloud-init[491]: Cloud-init v. 21.1-19-gbad84ad4-0ubuntu1~16.04.2 running 'init-local' at Mon, 28 Feb 2022 18:42:06 +0000. Up 9.18 seconds.
[[0;32m  OK  [0m] Started Set console font and keymap.
[[0;32m  OK  [0m] Started LSB: AppArmor initialization.
[[0;32m  OK  [0m] Started Initial cloud-init job (pre-networking).
[[0;32m  OK  [0m] Reached target Network (Pre).
         Starting Load AppArmor profiles managed internally by snapd...
         Starting Raise network interfaces...
[[0;32m  OK  [0m] Created slice system-getty.slice.
[[0;32m  OK  [0m] Started Load AppArmor profiles managed internally by snapd.
[[0;32m  OK  [0m] Started Raise network interfaces.
         Starting Initial cloud-init job (metadata service crawler)...
[[0;32m  OK  [0m] Reached target Network.
[   12.927695] cloud-init[956]: Cloud-init v. 21.1-19-gbad84ad4-0ubuntu1~16.04.2 running 'init' at Mon, 28 Feb 2022 18:42:09 +0000. Up 11.65 seconds.
[   12.934010] cloud-init[956]: ci-info: ++++++++++++++++++++++++++++++++++++++Net device info++++++++++++++++++++++++++++++++++++++
[   12.938291] cloud-init[956]: ci-info: +--------+------+----------------------------+---------------+--------+-------------------+
[   12.948859] cloud-init[956]: ci-info: | Device |  Up  |          Address           |      Mask     | Scope  |     Hw-Address    |
[   12.957422] cloud-init[956]: ci-info: +--------+------+----------------------------+---------------+--------+-------------------+
[   12.963331] cloud-init[956]: ci-info: | enp0s3 | True |         10.0.2.15          | 255.255.255.0 | global | 02:be:82:6b:cc:1d |
[   12.972897] cloud-init[956]: ci-info: | enp0s3 | True | fe80::be:82ff:fe6b:cc1d/64 |       .       |  link  | 02:be:82:6b:cc:1d |
[   12.981132] cloud-init[956]: ci-info: |   lo   | True |         127.0.0.1          |   255.0.0.0   |  host  |         .         |
[   12.984471] cloud-init[956]: ci-info: |   lo   | True |          ::1/128           |       .       |  host  |         .         |
[   12.986979] cloud-init[956]: ci-info: +--------+------+----------------------------+---------------+--------+-------------------+
[   12.988972] cloud-init[956]: ci-info: +++++++++++++++++++++++++++Route IPv4 info++++++++++++++++++++++++++++
[   12.990826] cloud-init[956]: ci-info: +-------+-------------+----------+---------------+-----------+-------+
[   12.993206] cloud-init[956]: ci-info: | Route | Destination | Gateway  |    Genmask    | Interface | Flags |
[   12.995630] cloud-init[956]: ci-info: +-------+-------------+----------+---------------+-----------+-------+
[   12.998424] cloud-init[956]: ci-info: |   0   |   0.0.0.0   | 10.0.2.2 |    0.0.0.0    |   enp0s3  |   UG  |
[[0;32m  OK  [0m] Started Initial cloud-init job (metadata service crawler).
[[0;32m  OK  [0m] Reached target System Initialization.
[   13.004533] cloud-init[956]: [[0;32m  OK  [0m] Started ACPI Events Check.
[[0;32m  OK  [0m] Reached target Paths.
[[0;32m  OK  [0mci-info: |   1   |   10.0.2.0  | 0.0.0.0  | 255.255.255.0 |   enp0s3  |   U   |
[   13.016453] cloud-init[956]: ci-info: +-------+-------------+----------+---------------+-----------+-------+
[   13.016745] cloud-init[956]: ci-info: +++++++++++++++++++Route IPv6 info+++++++++++++++++++
] Listening on UUID daemon activation socket.
         Starting Socket activation for snappy daemon.
[[0;32m  OK  [0m] Listening on ACPID Listen Socket.
[   13.019673] cloud-init[956]: [[0;32m  OK  [0m] Started Message of the Day.
[[0;32m  OK  [0m] Started Daily apt download activities.
[[0;32m  OK  [0m] Started Daily apt upgrade and clean activities.
         Starting LXD - unix socket.
[[0;32m  OK  [0m] Started Daily Cleanup of Temporary Directories.
[[0;32m  OK  [0m] Started Ubuntu Advantage update messaging.
ci-info: +-------+-------------+---------+-----------+-------+
[   13.033116] [[0;32m  OK  [0m] Reached target Timers.
[[0;32m  OK  [0m] Listening on D-Bus System Message Bus Socket.
[[0;32m  OK  [0m] Reached target Cloud-config availability.
[[0;32m  OK  [0m] Reached target Network is Online.
cloud-init[956]: ci-info: | Route | Destination | Gateway | Interface | Flags |
[   13.040165] cloud-init[956]: ci-info: +-------+-------------+---------+-----------+-------+
[   13.042467] cloud-init[956]: ci-info: |   0   |  fe80::/64  |    ::   |   enp0s3  |   U   |
[   13.044773] cloud-init[956]: ci-info: |   3   |   ff00::/8  |    ::   |   enp0s3  |   U   |
[   13.047363] cloud-init[956]: ci-info: +-------+-------------+---------+-----------+-------+
[   13.050068] cloud-init[956]: Generating public/private rsa key pair.
[   13.052230]          Starting iSCSI initiator daemon (iscsid)...
cloud-init[956]: Your identification has been saved in /etc/ssh/ssh_host_rsa_key.
[   13.054281] [[0;32m  OK  [0m] Listening on Socket activation for snappy daemon.
cloud-init[956]: Your public key has been saved in /etc/ssh/ssh_host_rsa_key.pub.
[   13.057379] [[0;32m  OK  [0m] Listening on LXD - unix socket.
[[0;32m  OK  [0m] Reached target Sockets.
[[0;32m  OK  [0m] Reached target Basic System.
cloud-init         Starting LXD - container startup/shutdown...
         Starting LSB: MD monitoring daemon...
[956]: The key fingerprint is:
[[0;32m  OK  [0m] Started D-Bus System Message Bus.
[   13.084936] cloud-init[956]: SHA256:ntqhCNKr8jCLcTh0mnDddecabdLzN7fGCfJ7RjPvelo root@ubuntu-xenial
[   13.089114] cloud-init[956]: The key's randomart image is:
[   13.092387] cloud-init[956]: +---[RSA 2048]----+
[   13.095068] cloud-init[956]: |                 |
[   13.098963] cloud-init[956]: |                 |
[   13.100756] cloud-init[956]: |        . . .    |
[   13.103477] cloud-init[956]: |   . . . . =     |
[   13.106449] cloud-init[956]: |..... . S o *    |
[   13.110402] cloud-init[956]: |o++    . . * + + |
[   13.111648] cloud-init[956]: |Bo+     + . o =.E|
[   13.113636] cloud-init[956]: |oO o . + .   . O*|
[   13.115587] cloud-init[956]: |=oo . o .    .B*.|
[   13.116922] cloud-init[956]: +----[SHA256]-----+
[   13.118196] cloud-init[956]: Generating public/private dsa key pair.
[   13.122363] cloud-init[956]: Your identification has been saved in /etc/ssh/ssh_host_dsa_key.
[   13.125318] cloud-init[956]: Your public key has been saved in /etc/ssh/ssh_host_dsa_key.pub.
[   13.130576] cloud-init[956]: The key fingerprint is:
[   13.134435] cloud-init[956]: SHA256:U2cHPJACoHZYSs3yjy1BP8uqnrrU63BPfG3mxjA0l/E root@ubuntu-xenial
[   13.137993] cloud-init[956]: The key's randomart image is:
[   13.144446] cloud-init[956]: +---[DSA 1024]----+
[   13.146894] cloud-init[956]: |  .oo...  .+.    |[[0;32m  OK  [0m] Started FUSE filesystem for LXC.

[   13.150462] [[0;32m  OK  [0m] Started Deferred execution scheduler.
cloud-init[956]: | ..=+   ... o.   |
         Starting Pollinate to seed the pseudo random number generator...
[[0;32m  OK  [0m] Started ACPI event daemon.
[   13.152948] cloud-init         Starting Login Service...
[956]: |  =+..   .= o..  |
[   13.173430] cloud-init[956]: | . .o oo + E .   |
         Starting /etc/rc.local Compatibility...
         Starting Accounts Service...
[   13.188384] cloud-init[956]: |     *.oS        |
[   13.229800] cloud-init[[0;32m  OK  [0m] Started Regular background program processing daemon.
[956]: |  . + =o..       |
[   13.235713] cloud-init[956]: | o o = .++       |
[   13.242463] cloud-init[956]: |. o.= . +o       |
         Starting Virtualbox guest utils...
         Starting System Logging Service...
         Starting LSB: Record successful boot for GRUB...
         Starting Snap Daemon...
[   13.250518] cloud-init[956]: |o+=+ .  ..       |
[   13.273033] cloud-init[956]: +----[SHA256]-----+
[   13.273878] cloud-init[956]: Generating public/private ecdsa key pair.
[   13.274952] cloud-init[956]: Your identification has been saved in /etc/ssh/ssh_host_ecdsa_key.
[[0;32m  OK  [0m] Started /etc/rc.local Compatibility.
[   13.291821] cloud-init[956]: Your public key has been saved in /etc/ssh/ssh_host_ecdsa_key.pub.
[   13.304332] cloud-init[956]: The key fingerprint is:
[   13.312869] cloud-init[956]: SHA256:4UMCLAKVrGg2qbtYyBKMxSIBq1yvnvHZaWZ0ly1rn5g root@ubuntu-xenial
[   13.313353] cloud-init[956]: The key's randomart image is:
[   13.313704] cloud-init[956]: +---[ECDSA 256]---+
[[0;32m  OK  [0m[   13.313835] ] cloud-initStarted Login Service.[956]: 
|*o.o.            |
[[   13.351306] cloud-init[956]: |.++ ..           |
[   13.351380] cloud-init[956]: |=o+o  . o        |
[   13.352173] cloud-init[956]: |OB. .  + .       |
[   13.353348] cloud-init[956]: |Bo.  .  S   o    |
[   13.353965] cloud-init[956]: |oo  .  . o + .   |
[   13.355033] cloud-init[956]: |oo.o  . . . o    |
[0;32m  OK  [0m] Started LXD - container startup/shutdown.
[   13.358571] cloud-init[956]: |+.. + o+.  oo .  |
[[   13.363775] cloud-init[956]: |o. o o+o  .E.o   |
[   13.364503] cloud-init[956]: [0;32m  OK  [0m+----[SHA256]-----+] Started iSCSI initiator daemon (iscsid).

[   13.366880] cloud-init[956]: Generating public/private ed25519 key pair.
[   13.367770] cloud-init[956]: Your identification has been saved in /etc/ssh/ssh_host_ed25519_key.
[   13.368789] cloud-init[956]: Your public key has been saved in /etc/ssh/ssh_host_ed25519_key.pub.
[   13.370182] cloud-init[956]: The key fingerprint is:
[[0;32m  OK  [0m] Started LSB: MD monitoring daemon.
[[0;32m  OK  [0m] Started System Logging Service.
[   13.370884] cloud-init[956]: SHA256:Y3zO7g2/Zlj3Xf5/902GaQW9wqvOrmR8kV8vgfhi+qI root@ubuntu-xenial
[   13.404227] cloud-init[956]: The key's randomart image is:
         Starting Login to default iSCSI targets...
[   13.429224] cloud-init[956]: +--[ED25519 256]--+
[[0;32m  OK  [0m] Started Unattended Upgrades Shutdown.
[   13.432231] cloud-init[956]: |                 |
[   13.463068] cloud-init[956]: |               . |
[   13.465850] cloud-init[956]: |              . .|
[   13.477885] cloud-init[956]: |       .   .o. ..|
[   13.483336] cloud-init[956]: |        S oo.o.o.|
[   13.489940] cloud-init[956]: |       ..= .+ ==o|
[   13.492367] cloud-init[956]: |         +*+.+=o*|
[   13.494479] cloud-init[956]: |        +++=+. +B|
         Starting Authenticate and Authorize Users to Run Privileged Tasks...[   13.517057] cloud-init[956]: |      E..=BB+.  @|
[   13.517219] cloud-init[956]: +----[SHA256]-----+

[[0;32m  OK  [0m] Started LSB: Record successful boot for GRUB.
[[0;32m  OK  [0m] Started Login to default iSCSI targets.
[[0;32m  OK  [0m] Reached target Remote File Systems (Pre).
[[0;32m  OK  [0m] Reached target Remote File Systems.
         Starting Permit User Sessions...
         Starting LSB: daemon to balance interrupts for SMP systems...
         Starting LSB: Set the CPU Frequency Scaling governor to "ondemand"...
         Starting LSB: automatic crash report generation...
[[0;32m  OK  [0m] Started Permit User Sessions.
[[0;32m  OK  [0m] Started Authenticate and Authorize Users to Run Privileged Tasks.
[[0;32m  OK  [0m] Started Accounts Service.
         Starting Terminate Plymouth Boot Screen...
         Starting Hold until boot process finishes up...
[[0;32m  OK  [0m] Started Terminate Plymouth Boot Screen.
[[0;32m  OK  [0m] Started Hold until boot process finishes up.
[[0;32m  OK  [0m] Started Getty on tty1.
         Starting Set console scheme...
[[0;32m  OK  [0m] Started Serial Getty on ttyS0.
[[0;32m  OK  [0m] Reached target Login Prompts.
[[0;32m  OK  [0m] Started LSB: Set the CPU Frequency Scaling governor to "ondemand".
[[0;32m  OK  [0m] Started LSB: automatic crash report generation.
[[0;32m  OK  [0m] Started Set console scheme.
[[0;32m  OK  [0m] Started LSB: daemon to balance interrupts for SMP systems.
[[0;32m  OK  [0m] Started Virtualbox guest utils.
[[0;32m  OK  [0m] Started Snap Daemon.
         Starting Wait until snapd is fully seeded...
[[0;32m  OK  [0m] Started Pollinate to seed the pseudo random number generator.
         Starting OpenBSD Secure Shell server...
[[0;32m  OK  [0m] Started OpenBSD Secure Shell server.
[[0;32m  OK  [0m] Started Wait until snapd is fully seeded.
         Starting Apply the settings specified in cloud-config...
[[0;32m  OK  [0m] Reached target Multi-User System.
[[0;32m  OK  [0m] Reached target Graphical Interface.
         Starting Update UTMP about System Runlevel Changes...
[[0;32m  OK  [0m] Started Update UTMP about System Runlevel Changes.
[   16.760878] cloud-init[1309]: Generating locales (this might take a while)...
[[0;32m  OK  [0m] Created slice User Slice of vagrant.
         Starting User Manager for UID 1000...
[[0;32m  OK  [0m] Started Session 1 of user vagrant.
[[0;32m  OK  [0m] Started User Manager for UID 1000.
[   18.704749] cloud-init[1309]:   en_US.UTF-8... done
[   18.705857] cloud-init[1309]: Generation complete.
[   19.623959] cloud-init[1309]: Cloud-init v. 21.1-19-gbad84ad4-0ubuntu1~16.04.2 running 'modules:config' at Mon, 28 Feb 2022 18:42:14 +0000. Up 16.54 seconds.

Ubuntu 16.04.7 LTS ubuntu-xenial ttyS0

ubuntu-xenial login: ci-info: no authorized SSH keys fingerprints found for user ubuntu.
<14>Feb 28 18:42:18 ec2: 
<14>Feb 28 18:42:18 ec2: #############################################################
<14>Feb 28 18:42:18 ec2: -----BEGIN SSH HOST KEY FINGERPRINTS-----
<14>Feb 28 18:42:18 ec2: 1024 SHA256:U2cHPJACoHZYSs3yjy1BP8uqnrrU63BPfG3mxjA0l/E root@ubuntu-xenial (DSA)
<14>Feb 28 18:42:18 ec2: 256 SHA256:4UMCLAKVrGg2qbtYyBKMxSIBq1yvnvHZaWZ0ly1rn5g root@ubuntu-xenial (ECDSA)
<14>Feb 28 18:42:18 ec2: 256 SHA256:Y3zO7g2/Zlj3Xf5/902GaQW9wqvOrmR8kV8vgfhi+qI root@ubuntu-xenial (ED25519)
<14>Feb 28 18:42:18 ec2: 2048 SHA256:ntqhCNKr8jCLcTh0mnDddecabdLzN7fGCfJ7RjPvelo root@ubuntu-xenial (RSA)
<14>Feb 28 18:42:18 ec2: -----END SSH HOST KEY FINGERPRINTS-----
<14>Feb 28 18:42:18 ec2: #############################################################
-----BEGIN SSH HOST KEY KEYS-----
ecdsa-sha2-nistp256 AAAAE2VjZHNhLXNoYTItbmlzdHAyNTYAAAAIbmlzdHAyNTYAAABBBFnUVlOSTBVITXv2/poTVT84GJeT3VCjt2cF/9fvNZ9S5+BMvSxV4hQ1vDj8JNxBMHIowA6wUdQoSru6epewTEg= root@ubuntu-xenial
ssh-ed25519 AAAAC3NzaC1lZDI1NTE5AAAAIBCztTDRzwiyTIxjWmnGK27eTeLd79HovwfKKrS/RB0J root@ubuntu-xenial
ssh-rsa AAAAB3NzaC1yc2EAAAADAQABAAABAQC1Bm8GLrw7U5HW+QrVGJOeY4YrSe6EmYpU4F6RaC8j0b38eoqXDYOzi4NL7zArtjzpryswuSThzJCMm9jOVZQYbEJfis9wUB76CizpHM0VZUEYhm5gcoJgIBgTPO4aeCRWW64QLDefMZWgR7tzG5wZLmfwm3OXwgYdAo3pjaF1I4O6jgwlOv1gmv0SJON9XZLgGUuF2QerF/0XE6tZGBclLv3gbD2Jdmb0yyi9ZV4ujVMBghWtxMSZ0cO5Jz+65Gd3Hm6nt1mRMNhjS3TZ8mp5dNRDGITDmkOnn25kg17HsnbDN2PcH+STAGb+q7XhheNmn7DiIRMx6djBBpGrPzxt root@ubuntu-xenial
-----END SSH HOST KEY KEYS-----
[   20.959653] cloud-init[1463]: Cloud-init v. 21.1-19-gbad84ad4-0ubuntu1~16.04.2 running 'modules:final' at Mon, 28 Feb 2022 18:42:18 +0000. Up 20.55 seconds.
[   20.960219] cloud-init[1463]: ci-info: no authorized SSH keys fingerprints found for user ubuntu.
[   20.960692] cloud-init[1463]: Cloud-init v. 21.1-19-gbad84ad4-0ubuntu1~16.04.2 finished at Mon, 28 Feb 2022 18:42:18 +0000. Datasource DataSourceNoCloud [seed=/dev/sdb][dsmode=net].  Up 20.93 seconds
[397258.430182] INFO: rcu_sched self-detected stall on CPU
[397258.435014] 	0-...: (1 ticks this GP) idle=82b/1/0 softirq=119098/119098 fqs=0 
[397258.437276] 	 (t=31694 jiffies g=89796 c=89795 q=19)
[397258.439826] rcu_sched kthread starved for 31694 jiffies! g89796 c89795 f0x0 s3 ->state=0x1
[397258.441953] INFO: rcu_sched self-detected stall on CPU
[397258.442838] 	0-...: (2 ticks this GP) idle=82b/1/0 softirq=119098/119098 fqs=0 
[397258.443934] 	 (t=3330232 jiffies g=89796 c=89795 q=19)
[397258.444795] rcu_sched kthread starved for 3330232 jiffies! g89796 c89795 f0x0 s3 ->state=0x1
[399790.190702] INFO: rcu_sched detected stalls on CPUs/tasks:
[399790.191499] 	1-...: (2 GPs behind) idle=be8/0/0 softirq=163980/163980 fqs=1 
[399790.192446] 	(detected by 0, t=3413729 jiffies, g=89796, c=89795, q=51)
[399790.193354] rcu_sched kthread starved for 83493 jiffies! g89796 c89795 f0x0 s3 ->state=0x1
[399790.194466] INFO: rcu_sched detected stalls on CPUs/tasks:
[399790.195377] 	0-...: (1 GPs behind) idle=8df/1/0 softirq=119098/119100 fqs=0 
[399790.196513] 	1-...: (0 ticks this GP) idle=bec/0/0 softirq=163980/163980 fqs=0 
[399790.198069] 	(detected by 0, t=0 jiffies, g=89797, c=89796, q=53)
[582124.389662] INFO: rcu_sched self-detected stall on CPU
[582124.391818] 	0-...: (1 ticks this GP) idle=cdf/1/0 softirq=145263/145263 fqs=0 
[582124.393576] 	 (t=34939 jiffies g=114080 c=114079 q=6)
[582124.394475] rcu_sched kthread starved for 34939 jiffies! g114080 c114079 f0x0 s3 ->state=0x1
[676002.686657] INFO: rcu_sched self-detected stall on CPU
[676002.688061] 	0-...: (1 ticks this GP) idle=da3/1/0 softirq=163152/163152 fqs=0 
[676002.689926] 	 (t=279038 jiffies g=131579 c=131578 q=6)
[676002.691078] rcu_sched kthread starved for 279038 jiffies! g131579 c131578 f0x0 s3 ->state=0x1
[1528588.346756] INFO: rcu_sched detected stalls on CPUs/tasks:
[1528588.350140] 	0-...: (5 GPs behind) idle=6bf/140000000000000/0 softirq=268992/268993 fqs=5 
[1528588.353357] 	(detected by 1, t=305442 jiffies, g=248442, c=248441, q=399)
[1528588.354608] rcu_sched kthread starved for 305437 jiffies! g248442 c248441 f0x0 s3 ->state=0x1
[2397532.204087] INFO: rcu_sched detected stalls on CPUs/tasks:
[2397532.207419] 	1-...: (7 GPs behind) idle=3de/0/0 softirq=513207/513207 fqs=1 
[2397532.208915] 	(detected by 0, t=42776 jiffies, g=341468, c=341467, q=699)
[2397532.211142] rcu_sched kthread starved for 42775 jiffies! g341468 c341467 f0x0 s3 ->state=0x1
[2397532.212704] INFO: rcu_sched self-detected stall on CPU
[2397532.213654] 	0-...: (1 GPs behind) idle=bc3/1/0 softirq=362535/362536 fqs=0 
[2397532.215472] 	 (t=4398049 jiffies g=341469 c=341468 q=699)
[2397532.218637] rcu_sched kthread starved for 4398049 jiffies! g341469 c341468 f0x0 s3 ->state=0x1
